// Jest Snapshot v1, https://goo.gl/fbAQLP

exports[`FrameRegisters should render registers 1`] = `
Array [
  <InlinePre
    data-test-id="frame-registers-value"
  >
    <pre
      className="css-quozkg-InlinePre e1e1y5ql0"
      data-test-id="frame-registers-value"
    >
      <FixedWidth>
        <span
          className="css-cb9msf-FixedWidth e1e1y5ql1"
        >
          <AnnotatedText
            meta={null}
            value="0x00007fff9300bf70"
          >
            <span>
              0x00007fff9300bf70
            </span>
          </AnnotatedText>
        </span>
      </FixedWidth>
      <Tooltip
        containerDisplayMode="inline-block"
        position="top"
        title="Hexadecimal"
      >
        <Manager>
          <Reference>
            <InnerReference
              setReferenceNode={[Function]}
            >
              <Container
                aria-describedby="tooltip-123456"
                containerDisplayMode="inline-block"
                onBlur={[Function]}
                onFocus={[Function]}
                onMouseEnter={[Function]}
                onMouseLeave={[Function]}
              >
                <span
                  aria-describedby="tooltip-123456"
                  className="css-1y4rfpo-Container eowlwvy0"
                  onBlur={[Function]}
                  onFocus={[Function]}
                  onMouseEnter={[Function]}
                  onMouseLeave={[Function]}
                >
                  <Toggle
                    onClick={[Function]}
                    size="xs"
                  >
                    <IconFilter
                      className="css-5my71s-Toggle e1e1y5ql2"
                      onClick={[Function]}
                      size="xs"
                    >
                      <ForwardRef(SvgIcon)
                        className="css-5my71s-Toggle e1e1y5ql2"
                        onClick={[Function]}
                        size="xs"
                      >
                        <svg
                          className="css-5my71s-Toggle e1e1y5ql2"
                          fill="currentColor"
                          height="12px"
                          onClick={[Function]}
                          viewBox="0 0 16 16"
                          width="12px"
                        >
                          <path
                            d="M15.19,2.53H.81A.75.75,0,0,1,.81,1H15.19a.75.75,0,1,1,0,1.5Z"
                          />
                          <path
                            d="M11.63,15H4.36a.75.75,0,0,1,0-1.5h7.27a.75.75,0,0,1,0,1.5Z"
                          />
                          <path
                            d="M13.41,8.75H2.58a.75.75,0,0,1,0-1.5H13.41a.75.75,0,0,1,0,1.5Z"
                          />
                        </svg>
                      </ForwardRef(SvgIcon)>
                    </IconFilter>
                  </Toggle>
                </span>
              </Container>
            </InnerReference>
          </Reference>
        </Manager>
      </Tooltip>
    </pre>
  </InlinePre>,
  <pre
    className="css-quozkg-InlinePre e1e1y5ql0"
    data-test-id="frame-registers-value"
  >
    <FixedWidth>
      <span
        className="css-cb9msf-FixedWidth e1e1y5ql1"
      >
        <AnnotatedText
          meta={null}
          value="0x00007fff9300bf70"
        >
          <span>
            0x00007fff9300bf70
          </span>
        </AnnotatedText>
      </span>
    </FixedWidth>
    <Tooltip
      containerDisplayMode="inline-block"
      position="top"
      title="Hexadecimal"
    >
      <Manager>
        <Reference>
          <InnerReference
            setReferenceNode={[Function]}
          >
            <Container
              aria-describedby="tooltip-123456"
              containerDisplayMode="inline-block"
              onBlur={[Function]}
              onFocus={[Function]}
              onMouseEnter={[Function]}
              onMouseLeave={[Function]}
            >
              <span
                aria-describedby="tooltip-123456"
                className="css-1y4rfpo-Container eowlwvy0"
                onBlur={[Function]}
                onFocus={[Function]}
                onMouseEnter={[Function]}
                onMouseLeave={[Function]}
              >
                <Toggle
                  onClick={[Function]}
                  size="xs"
                >
                  <IconFilter
                    className="css-5my71s-Toggle e1e1y5ql2"
                    onClick={[Function]}
                    size="xs"
                  >
                    <ForwardRef(SvgIcon)
                      className="css-5my71s-Toggle e1e1y5ql2"
                      onClick={[Function]}
                      size="xs"
                    >
                      <svg
                        className="css-5my71s-Toggle e1e1y5ql2"
                        fill="currentColor"
                        height="12px"
                        onClick={[Function]}
                        viewBox="0 0 16 16"
                        width="12px"
                      >
                        <path
                          d="M15.19,2.53H.81A.75.75,0,0,1,.81,1H15.19a.75.75,0,1,1,0,1.5Z"
                        />
                        <path
                          d="M11.63,15H4.36a.75.75,0,0,1,0-1.5h7.27a.75.75,0,0,1,0,1.5Z"
                        />
                        <path
                          d="M13.41,8.75H2.58a.75.75,0,0,1,0-1.5H13.41a.75.75,0,0,1,0,1.5Z"
                        />
                      </svg>
                    </ForwardRef(SvgIcon)>
                  </IconFilter>
                </Toggle>
              </span>
            </Container>
          </InnerReference>
        </Reference>
      </Manager>
    </Tooltip>
  </pre>,
  <InlinePre
    data-test-id="frame-registers-value"
  >
    <pre
      className="css-quozkg-InlinePre e1e1y5ql0"
      data-test-id="frame-registers-value"
    >
      <FixedWidth>
        <span
          className="css-cb9msf-FixedWidth e1e1y5ql1"
        >
          <AnnotatedText
            meta={null}
            value="0x0000000000000000"
          >
            <span>
              0x0000000000000000
            </span>
          </AnnotatedText>
        </span>
      </FixedWidth>
      <Tooltip
        containerDisplayMode="inline-block"
        position="top"
        title="Hexadecimal"
      >
        <Manager>
          <Reference>
            <InnerReference
              setReferenceNode={[Function]}
            >
              <Container
                aria-describedby="tooltip-123456"
                containerDisplayMode="inline-block"
                onBlur={[Function]}
                onFocus={[Function]}
                onMouseEnter={[Function]}
                onMouseLeave={[Function]}
              >
                <span
                  aria-describedby="tooltip-123456"
                  className="css-1y4rfpo-Container eowlwvy0"
                  onBlur={[Function]}
                  onFocus={[Function]}
                  onMouseEnter={[Function]}
                  onMouseLeave={[Function]}
                >
                  <Toggle
                    onClick={[Function]}
                    size="xs"
                  >
                    <IconFilter
                      className="css-5my71s-Toggle e1e1y5ql2"
                      onClick={[Function]}
                      size="xs"
                    >
                      <ForwardRef(SvgIcon)
                        className="css-5my71s-Toggle e1e1y5ql2"
                        onClick={[Function]}
                        size="xs"
                      >
                        <svg
                          className="css-5my71s-Toggle e1e1y5ql2"
                          fill="currentColor"
                          height="12px"
                          onClick={[Function]}
                          viewBox="0 0 16 16"
                          width="12px"
                        >
                          <path
                            d="M15.19,2.53H.81A.75.75,0,0,1,.81,1H15.19a.75.75,0,1,1,0,1.5Z"
                          />
                          <path
                            d="M11.63,15H4.36a.75.75,0,0,1,0-1.5h7.27a.75.75,0,0,1,0,1.5Z"
                          />
                          <path
                            d="M13.41,8.75H2.58a.75.75,0,0,1,0-1.5H13.41a.75.75,0,0,1,0,1.5Z"
                          />
                        </svg>
                      </ForwardRef(SvgIcon)>
                    </IconFilter>
                  </Toggle>
                </span>
              </Container>
            </InnerReference>
          </Reference>
        </Manager>
      </Tooltip>
    </pre>
  </InlinePre>,
  <pre
    className="css-quozkg-InlinePre e1e1y5ql0"
    data-test-id="frame-registers-value"
  >
    <FixedWidth>
      <span
        className="css-cb9msf-FixedWidth e1e1y5ql1"
      >
        <AnnotatedText
          meta={null}
          value="0x0000000000000000"
        >
          <span>
            0x0000000000000000
          </span>
        </AnnotatedText>
      </span>
    </FixedWidth>
    <Tooltip
      containerDisplayMode="inline-block"
      position="top"
      title="Hexadecimal"
    >
      <Manager>
        <Reference>
          <InnerReference
            setReferenceNode={[Function]}
          >
            <Container
              aria-describedby="tooltip-123456"
              containerDisplayMode="inline-block"
              onBlur={[Function]}
              onFocus={[Function]}
              onMouseEnter={[Function]}
              onMouseLeave={[Function]}
            >
              <span
                aria-describedby="tooltip-123456"
                className="css-1y4rfpo-Container eowlwvy0"
                onBlur={[Function]}
                onFocus={[Function]}
                onMouseEnter={[Function]}
                onMouseLeave={[Function]}
              >
                <Toggle
                  onClick={[Function]}
                  size="xs"
                >
                  <IconFilter
                    className="css-5my71s-Toggle e1e1y5ql2"
                    onClick={[Function]}
                    size="xs"
                  >
                    <ForwardRef(SvgIcon)
                      className="css-5my71s-Toggle e1e1y5ql2"
                      onClick={[Function]}
                      size="xs"
                    >
                      <svg
                        className="css-5my71s-Toggle e1e1y5ql2"
                        fill="currentColor"
                        height="12px"
                        onClick={[Function]}
                        viewBox="0 0 16 16"
                        width="12px"
                      >
                        <path
                          d="M15.19,2.53H.81A.75.75,0,0,1,.81,1H15.19a.75.75,0,1,1,0,1.5Z"
                        />
                        <path
                          d="M11.63,15H4.36a.75.75,0,0,1,0-1.5h7.27a.75.75,0,0,1,0,1.5Z"
                        />
                        <path
                          d="M13.41,8.75H2.58a.75.75,0,0,1,0-1.5H13.41a.75.75,0,0,1,0,1.5Z"
                        />
                      </svg>
                    </ForwardRef(SvgIcon)>
                  </IconFilter>
                </Toggle>
              </span>
            </Container>
          </InnerReference>
        </Reference>
      </Manager>
    </Tooltip>
  </pre>,
  <InlinePre
    data-test-id="frame-registers-value"
  >
    <pre
      className="css-quozkg-InlinePre e1e1y5ql0"
      data-test-id="frame-registers-value"
    >
      <FixedWidth>
        <span
          className="css-cb9msf-FixedWidth e1e1y5ql1"
        >
          <AnnotatedText
            meta={null}
            value="0x0000000000000000"
          >
            <span>
              0x0000000000000000
            </span>
          </AnnotatedText>
        </span>
      </FixedWidth>
      <Tooltip
        containerDisplayMode="inline-block"
        position="top"
        title="Hexadecimal"
      >
        <Manager>
          <Reference>
            <InnerReference
              setReferenceNode={[Function]}
            >
              <Container
                aria-describedby="tooltip-123456"
                containerDisplayMode="inline-block"
                onBlur={[Function]}
                onFocus={[Function]}
                onMouseEnter={[Function]}
                onMouseLeave={[Function]}
              >
                <span
                  aria-describedby="tooltip-123456"
                  className="css-1y4rfpo-Container eowlwvy0"
                  onBlur={[Function]}
                  onFocus={[Function]}
                  onMouseEnter={[Function]}
                  onMouseLeave={[Function]}
                >
                  <Toggle
                    onClick={[Function]}
                    size="xs"
                  >
                    <IconFilter
                      className="css-5my71s-Toggle e1e1y5ql2"
                      onClick={[Function]}
                      size="xs"
                    >
                      <ForwardRef(SvgIcon)
                        className="css-5my71s-Toggle e1e1y5ql2"
                        onClick={[Function]}
                        size="xs"
                      >
                        <svg
                          className="css-5my71s-Toggle e1e1y5ql2"
                          fill="currentColor"
                          height="12px"
                          onClick={[Function]}
                          viewBox="0 0 16 16"
                          width="12px"
                        >
                          <path
                            d="M15.19,2.53H.81A.75.75,0,0,1,.81,1H15.19a.75.75,0,1,1,0,1.5Z"
                          />
                          <path
                            d="M11.63,15H4.36a.75.75,0,0,1,0-1.5h7.27a.75.75,0,0,1,0,1.5Z"
                          />
                          <path
                            d="M13.41,8.75H2.58a.75.75,0,0,1,0-1.5H13.41a.75.75,0,0,1,0,1.5Z"
                          />
                        </svg>
                      </ForwardRef(SvgIcon)>
                    </IconFilter>
                  </Toggle>
                </span>
              </Container>
            </InnerReference>
          </Reference>
        </Manager>
      </Tooltip>
    </pre>
  </InlinePre>,
  <pre
    className="css-quozkg-InlinePre e1e1y5ql0"
    data-test-id="frame-registers-value"
  >
    <FixedWidth>
      <span
        className="css-cb9msf-FixedWidth e1e1y5ql1"
      >
        <AnnotatedText
          meta={null}
          value="0x0000000000000000"
        >
          <span>
            0x0000000000000000
          </span>
        </AnnotatedText>
      </span>
    </FixedWidth>
    <Tooltip
      containerDisplayMode="inline-block"
      position="top"
      title="Hexadecimal"
    >
      <Manager>
        <Reference>
          <InnerReference
            setReferenceNode={[Function]}
          >
            <Container
              aria-describedby="tooltip-123456"
              containerDisplayMode="inline-block"
              onBlur={[Function]}
              onFocus={[Function]}
              onMouseEnter={[Function]}
              onMouseLeave={[Function]}
            >
              <span
                aria-describedby="tooltip-123456"
                className="css-1y4rfpo-Container eowlwvy0"
                onBlur={[Function]}
                onFocus={[Function]}
                onMouseEnter={[Function]}
                onMouseLeave={[Function]}
              >
                <Toggle
                  onClick={[Function]}
                  size="xs"
                >
                  <IconFilter
                    className="css-5my71s-Toggle e1e1y5ql2"
                    onClick={[Function]}
                    size="xs"
                  >
                    <ForwardRef(SvgIcon)
                      className="css-5my71s-Toggle e1e1y5ql2"
                      onClick={[Function]}
                      size="xs"
                    >
                      <svg
                        className="css-5my71s-Toggle e1e1y5ql2"
                        fill="currentColor"
                        height="12px"
                        onClick={[Function]}
                        viewBox="0 0 16 16"
                        width="12px"
                      >
                        <path
                          d="M15.19,2.53H.81A.75.75,0,0,1,.81,1H15.19a.75.75,0,1,1,0,1.5Z"
                        />
                        <path
                          d="M11.63,15H4.36a.75.75,0,0,1,0-1.5h7.27a.75.75,0,0,1,0,1.5Z"
                        />
                        <path
                          d="M13.41,8.75H2.58a.75.75,0,0,1,0-1.5H13.41a.75.75,0,0,1,0,1.5Z"
                        />
                      </svg>
                    </ForwardRef(SvgIcon)>
                  </IconFilter>
                </Toggle>
              </span>
            </Container>
          </InnerReference>
        </Reference>
      </Manager>
    </Tooltip>
  </pre>,
]
`;

exports[`FrameRegisters should skip registers without a value 1`] = `
Array [
  <InlinePre
    data-test-id="frame-registers-value"
  >
    <pre
      className="css-quozkg-InlinePre e1e1y5ql0"
      data-test-id="frame-registers-value"
    >
      <FixedWidth>
        <span
          className="css-cb9msf-FixedWidth e1e1y5ql1"
        >
          <AnnotatedText
            meta={null}
            value="0x00007fff9300bf70"
          >
            <span>
              0x00007fff9300bf70
            </span>
          </AnnotatedText>
        </span>
      </FixedWidth>
      <Tooltip
        containerDisplayMode="inline-block"
        position="top"
        title="Hexadecimal"
      >
        <Manager>
          <Reference>
            <InnerReference
              setReferenceNode={[Function]}
            >
              <Container
                aria-describedby="tooltip-123456"
                containerDisplayMode="inline-block"
                onBlur={[Function]}
                onFocus={[Function]}
                onMouseEnter={[Function]}
                onMouseLeave={[Function]}
              >
                <span
                  aria-describedby="tooltip-123456"
                  className="css-1y4rfpo-Container eowlwvy0"
                  onBlur={[Function]}
                  onFocus={[Function]}
                  onMouseEnter={[Function]}
                  onMouseLeave={[Function]}
                >
                  <Toggle
                    onClick={[Function]}
                    size="xs"
                  >
                    <IconFilter
                      className="css-5my71s-Toggle e1e1y5ql2"
                      onClick={[Function]}
                      size="xs"
                    >
                      <ForwardRef(SvgIcon)
                        className="css-5my71s-Toggle e1e1y5ql2"
                        onClick={[Function]}
                        size="xs"
                      >
                        <svg
                          className="css-5my71s-Toggle e1e1y5ql2"
                          fill="currentColor"
                          height="12px"
                          onClick={[Function]}
                          viewBox="0 0 16 16"
                          width="12px"
                        >
                          <path
                            d="M15.19,2.53H.81A.75.75,0,0,1,.81,1H15.19a.75.75,0,1,1,0,1.5Z"
                          />
                          <path
                            d="M11.63,15H4.36a.75.75,0,0,1,0-1.5h7.27a.75.75,0,0,1,0,1.5Z"
                          />
                          <path
                            d="M13.41,8.75H2.58a.75.75,0,0,1,0-1.5H13.41a.75.75,0,0,1,0,1.5Z"
                          />
                        </svg>
                      </ForwardRef(SvgIcon)>
                    </IconFilter>
                  </Toggle>
                </span>
              </Container>
            </InnerReference>
          </Reference>
        </Manager>
      </Tooltip>
    </pre>
  </InlinePre>,
  <pre
    className="css-quozkg-InlinePre e1e1y5ql0"
    data-test-id="frame-registers-value"
  >
    <FixedWidth>
      <span
        className="css-cb9msf-FixedWidth e1e1y5ql1"
      >
        <AnnotatedText
          meta={null}
          value="0x00007fff9300bf70"
        >
          <span>
            0x00007fff9300bf70
          </span>
        </AnnotatedText>
      </span>
    </FixedWidth>
    <Tooltip
      containerDisplayMode="inline-block"
      position="top"
      title="Hexadecimal"
    >
      <Manager>
        <Reference>
          <InnerReference
            setReferenceNode={[Function]}
          >
            <Container
              aria-describedby="tooltip-123456"
              containerDisplayMode="inline-block"
              onBlur={[Function]}
              onFocus={[Function]}
              onMouseEnter={[Function]}
              onMouseLeave={[Function]}
            >
              <span
                aria-describedby="tooltip-123456"
                className="css-1y4rfpo-Container eowlwvy0"
                onBlur={[Function]}
                onFocus={[Function]}
                onMouseEnter={[Function]}
                onMouseLeave={[Function]}
              >
                <Toggle
                  onClick={[Function]}
                  size="xs"
                >
                  <IconFilter
                    className="css-5my71s-Toggle e1e1y5ql2"
                    onClick={[Function]}
                    size="xs"
                  >
                    <ForwardRef(SvgIcon)
                      className="css-5my71s-Toggle e1e1y5ql2"
                      onClick={[Function]}
                      size="xs"
                    >
                      <svg
                        className="css-5my71s-Toggle e1e1y5ql2"
                        fill="currentColor"
                        height="12px"
                        onClick={[Function]}
                        viewBox="0 0 16 16"
                        width="12px"
                      >
                        <path
                          d="M15.19,2.53H.81A.75.75,0,0,1,.81,1H15.19a.75.75,0,1,1,0,1.5Z"
                        />
                        <path
                          d="M11.63,15H4.36a.75.75,0,0,1,0-1.5h7.27a.75.75,0,0,1,0,1.5Z"
                        />
                        <path
                          d="M13.41,8.75H2.58a.75.75,0,0,1,0-1.5H13.41a.75.75,0,0,1,0,1.5Z"
                        />
                      </svg>
                    </ForwardRef(SvgIcon)>
                  </IconFilter>
                </Toggle>
              </span>
            </Container>
          </InnerReference>
        </Reference>
      </Manager>
    </Tooltip>
  </pre>,
  <InlinePre
    data-test-id="frame-registers-value"
  >
    <pre
      className="css-quozkg-InlinePre e1e1y5ql0"
      data-test-id="frame-registers-value"
    >
      <FixedWidth>
        <span
          className="css-cb9msf-FixedWidth e1e1y5ql1"
        >
          <AnnotatedText
            meta={null}
            value="0x0000000000000000"
          >
            <span>
              0x0000000000000000
            </span>
          </AnnotatedText>
        </span>
      </FixedWidth>
      <Tooltip
        containerDisplayMode="inline-block"
        position="top"
        title="Hexadecimal"
      >
        <Manager>
          <Reference>
            <InnerReference
              setReferenceNode={[Function]}
            >
              <Container
                aria-describedby="tooltip-123456"
                containerDisplayMode="inline-block"
                onBlur={[Function]}
                onFocus={[Function]}
                onMouseEnter={[Function]}
                onMouseLeave={[Function]}
              >
                <span
                  aria-describedby="tooltip-123456"
                  className="css-1y4rfpo-Container eowlwvy0"
                  onBlur={[Function]}
                  onFocus={[Function]}
                  onMouseEnter={[Function]}
                  onMouseLeave={[Function]}
                >
                  <Toggle
                    onClick={[Function]}
                    size="xs"
                  >
                    <IconFilter
                      className="css-5my71s-Toggle e1e1y5ql2"
                      onClick={[Function]}
                      size="xs"
                    >
                      <ForwardRef(SvgIcon)
                        className="css-5my71s-Toggle e1e1y5ql2"
                        onClick={[Function]}
                        size="xs"
                      >
                        <svg
                          className="css-5my71s-Toggle e1e1y5ql2"
                          fill="currentColor"
                          height="12px"
                          onClick={[Function]}
                          viewBox="0 0 16 16"
                          width="12px"
                        >
                          <path
                            d="M15.19,2.53H.81A.75.75,0,0,1,.81,1H15.19a.75.75,0,1,1,0,1.5Z"
                          />
                          <path
                            d="M11.63,15H4.36a.75.75,0,0,1,0-1.5h7.27a.75.75,0,0,1,0,1.5Z"
                          />
                          <path
                            d="M13.41,8.75H2.58a.75.75,0,0,1,0-1.5H13.41a.75.75,0,0,1,0,1.5Z"
                          />
                        </svg>
                      </ForwardRef(SvgIcon)>
                    </IconFilter>
                  </Toggle>
                </span>
              </Container>
            </InnerReference>
          </Reference>
        </Manager>
      </Tooltip>
    </pre>
  </InlinePre>,
  <pre
    className="css-quozkg-InlinePre e1e1y5ql0"
    data-test-id="frame-registers-value"
  >
    <FixedWidth>
      <span
        className="css-cb9msf-FixedWidth e1e1y5ql1"
      >
        <AnnotatedText
          meta={null}
          value="0x0000000000000000"
        >
          <span>
            0x0000000000000000
          </span>
        </AnnotatedText>
      </span>
    </FixedWidth>
    <Tooltip
      containerDisplayMode="inline-block"
      position="top"
      title="Hexadecimal"
    >
      <Manager>
        <Reference>
          <InnerReference
            setReferenceNode={[Function]}
          >
            <Container
              aria-describedby="tooltip-123456"
              containerDisplayMode="inline-block"
              onBlur={[Function]}
              onFocus={[Function]}
              onMouseEnter={[Function]}
              onMouseLeave={[Function]}
            >
              <span
                aria-describedby="tooltip-123456"
                className="css-1y4rfpo-Container eowlwvy0"
                onBlur={[Function]}
                onFocus={[Function]}
                onMouseEnter={[Function]}
                onMouseLeave={[Function]}
              >
                <Toggle
                  onClick={[Function]}
                  size="xs"
                >
                  <IconFilter
                    className="css-5my71s-Toggle e1e1y5ql2"
                    onClick={[Function]}
                    size="xs"
                  >
                    <ForwardRef(SvgIcon)
                      className="css-5my71s-Toggle e1e1y5ql2"
                      onClick={[Function]}
                      size="xs"
                    >
                      <svg
                        className="css-5my71s-Toggle e1e1y5ql2"
                        fill="currentColor"
                        height="12px"
                        onClick={[Function]}
                        viewBox="0 0 16 16"
                        width="12px"
                      >
                        <path
                          d="M15.19,2.53H.81A.75.75,0,0,1,.81,1H15.19a.75.75,0,1,1,0,1.5Z"
                        />
                        <path
                          d="M11.63,15H4.36a.75.75,0,0,1,0-1.5h7.27a.75.75,0,0,1,0,1.5Z"
                        />
                        <path
                          d="M13.41,8.75H2.58a.75.75,0,0,1,0-1.5H13.41a.75.75,0,0,1,0,1.5Z"
                        />
                      </svg>
                    </ForwardRef(SvgIcon)>
                  </IconFilter>
                </Toggle>
              </span>
            </Container>
          </InnerReference>
        </Reference>
      </Manager>
    </Tooltip>
  </pre>,
]
`;
